Run python main.py
기존 캐시 로드 완료 (data/address_cache.json): 12621개
기존 캐시 로드 완료 (data/permit_window_cache.json): 25개
11110 서울특별시 종로구 캐시된 조회기간 +1일 확인: 61일
[11110] 서울특별시 종로구 토지거래허가 64건
11140 서울특별시 중구 캐시된 조회기간 +1일 확인: 61일
[11140] 서울특별시 중구 토지거래허가 87건
11170 서울특별시 용산구 캐시된 조회기간 +1일 확인: 61일
[11170] 서울특별시 용산구 토지거래허가 122건
11200 서울특별시 성동구 캐시된 조회기간 +1일 확인: 61일
[11200] 서울특별시 성동구 토지거래허가 185건
11215 서울특별시 광진구 캐시된 조회기간 +1일 확인: 61일
[11215] 서울특별시 광진구 토지거래허가 142건
11230 서울특별시 동대문구 캐시된 조회기간 +1일 확인: 61일
[11230] 서울특별시 동대문구 토지거래허가 343건
11260 서울특별시 중랑구 캐시된 조회기간 +1일 확인: 61일
[11260] 서울특별시 중랑구 토지거래허가 382건
[오류] 1페이지 요청 실패:
[오류] 1페이지 요청 실패:
[오류] 1페이지 요청 실패:
[11110] 서울특별시 종로구 실거래 0건
11290 서울특별시 성북구 캐시된 조회기간 +1일 확인: 61일
[11290] 서울특별시 성북구 토지거래허가 576건
11305 서울특별시 강북구 캐시된 조회기간 +1일 확인: 61일
[11305] 서울특별시 강북구 토지거래허가 209건
11320 서울특별시 도봉구 캐시된 조회기간 +1일 확인: 61일
[11320] 서울특별시 도봉구 토지거래허가 463건
11350 서울특별시 노원구 캐시된 조회기간 +1일 확인: 61일
[11350] 서울특별시 노원구 토지거래허가 1349건
[오류] 1페이지 요청 실패:
[오류] 1페이지 요청 실패:
[오류] 1페이지 요청 실패:
[11140] 서울특별시 중구 실거래 0건
11380 서울특별시 은평구 캐시된 조회기간 +1일 확인: 61일
[11380] 서울특별시 은평구 토지거래허가 545건
11410 서울특별시 서대문구 캐시된 조회기간 +1일 확인: 61일
[11410] 서울특별시 서대문구 토지거래허가 374건
11440 서울특별시 마포구 캐시된 조회기간 +1일 확인: 61일
[11440] 서울특별시 마포구 토지거래허가 263건
11470 서울특별시 양천구 캐시된 조회기간 +1일 확인: 61일
[11470] 서울특별시 양천구 토지거래허가 358건
[오류] 1페이지 요청 실패:
[오류] 1페이지 요청 실패:
[오류] 1페이지 요청 실패:
[11170] 서울특별시 용산구 실거래 0건
11500 서울특별시 강서구 캐시된 조회기간 +1일 확인: 61일
[11500] 서울특별시 강서구 토지거래허가 680건
11530 서울특별시 구로구 캐시된 조회기간 +1일 확인: 61일
[11530] 서울특별시 구로구 토지거래허가 574건
11545 서울특별시 금천구 캐시된 조회기간 +1일 확인: 61일
[11545] 서울특별시 금천구 토지거래허가 231건
11560 서울특별시 영등포구 캐시된 조회기간 +1일 확인: 61일
[11560] 서울특별시 영등포구 토지거래허가 380건
11590 서울특별시 동작구 캐시된 조회기간 +1일 확인: 61일
[11590] 서울특별시 동작구 토지거래허가 337건
11620 서울특별시 관악구 캐시된 조회기간 +1일 확인: 61일
[오류] 1페이지 요청 실패:
[오류] 1페이지 요청 실패:
[오류] 1페이지 요청 실패:
[11200] 서울특별시 성동구 실거래 0건
지오코딩 응답 파싱 실패 (서울특별시 관악구 신림동 610-147): 'documents'
지오코딩 응답 파싱 실패 (서울특별시 관악구 신림동 639-5): 'documents'
지오코딩 응답 파싱 실패 (서울특별시 관악구 신림동 1580-3): 'documents'
[11620] 서울특별시 관악구 토지거래허가 323건
11650 서울특별시 서초구 캐시된 조회기간 +1일 확인: 61일
[11650] 서울특별시 서초구 토지거래허가 207건
11680 서울특별시 강남구 캐시된 조회기간 +1일 확인: 61일
[11680] 서울특별시 강남구 토지거래허가 308건
11710 서울특별시 송파구 캐시된 조회기간 +1일 확인: 61일
[11710] 서울특별시 송파구 토지거래허가 517건
11740 서울특별시 강동구 캐시된 조회기간 +1일 확인: 61일
[11740] 서울특별시 강동구 토지거래허가 429건
[오류] 1페이지 요청 실패:
[오류] 1페이지 요청 실패:
[오류] 1페이지 요청 실패:
[11215] 서울특별시 광진구 실거래 0건
[오류] 1페이지 요청 실패:
[오류] 1페이지 요청 실패:
[오류] 1페이지 요청 실패:
[11230] 서울특별시 동대문구 실거래 0건
[오류] 1페이지 요청 실패:
[오류] 1페이지 요청 실패:
[오류] 1페이지 요청 실패:
[11260] 서울특별시 중랑구 실거래 0건
[오류] 1페이지 요청 실패:
[오류] 1페이지 요청 실패:
[오류] 1페이지 요청 실패:
[11290] 서울특별시 성북구 실거래 0건
[오류] 1페이지 요청 실패:
[오류] 1페이지 요청 실패:
[오류] 1페이지 요청 실패:
[11305] 서울특별시 강북구 실거래 0건
[오류] 1페이지 요청 실패:
[오류] 1페이지 요청 실패:
[오류] 1페이지 요청 실패:
[11320] 서울특별시 도봉구 실거래 0건
[오류] 1페이지 요청 실패:
[오류] 1페이지 요청 실패:
[오류] 1페이지 요청 실패:
[11350] 서울특별시 노원구 실거래 0건
[오류] 1페이지 요청 실패:
[오류] 1페이지 요청 실패:
[오류] 1페이지 요청 실패:
[11380] 서울특별시 은평구 실거래 0건
[오류] 1페이지 요청 실패:
[오류] 1페이지 요청 실패:
[오류] 1페이지 요청 실패:
[11410] 서울특별시 서대문구 실거래 0건
[오류] 1페이지 요청 실패:
[오류] 1페이지 요청 실패:
[오류] 1페이지 요청 실패:
[11440] 서울특별시 마포구 실거래 0건
[오류] 1페이지 요청 실패:
[오류] 1페이지 요청 실패:
[오류] 1페이지 요청 실패:
[11470] 서울특별시 양천구 실거래 0건
[오류] 1페이지 요청 실패:
[오류] 1페이지 요청 실패:
[오류] 1페이지 요청 실패:
[11500] 서울특별시 강서구 실거래 0건
[오류] 1페이지 요청 실패:
[오류] 1페이지 요청 실패:
[오류] 1페이지 요청 실패:
[11530] 서울특별시 구로구 실거래 0건
[오류] 1페이지 요청 실패:
[오류] 1페이지 요청 실패:
[오류] 1페이지 요청 실패:
[11545] 서울특별시 금천구 실거래 0건
[오류] 1페이지 요청 실패:
[오류] 1페이지 요청 실패:
[오류] 1페이지 요청 실패:
[11560] 서울특별시 영등포구 실거래 0건
[오류] 1페이지 요청 실패:
[오류] 1페이지 요청 실패:
[오류] 1페이지 요청 실패:
[11590] 서울특별시 동작구 실거래 0건
[오류] 1페이지 요청 실패:
[오류] 1페이지 요청 실패:
[오류] 1페이지 요청 실패:
[11620] 서울특별시 관악구 실거래 0건
[오류] 1페이지 요청 실패:
[오류] 1페이지 요청 실패:
[오류] 1페이지 요청 실패:
[11650] 서울특별시 서초구 실거래 0건
[오류] 1페이지 요청 실패:
[오류] 1페이지 요청 실패:
[오류] 1페이지 요청 실패:
[11680] 서울특별시 강남구 실거래 0건
[오류] 1페이지 요청 실패:
[오류] 1페이지 요청 실패:
[오류] 1페이지 요청 실패:
[11710] 서울특별시 송파구 실거래 0건
[오류] 1페이지 요청 실패:
[오류] 1페이지 요청 실패:
[오류] 1페이지 요청 실패:
[11740] 서울특별시 강동구 실거래 0건
[오류] 1페이지 요청 실패:
[오류] 1페이지 요청 실패:
[오류] 1페이지 요청 실패:
[41111] 경기도 수원시 장안구 실거래 0건
[오류] 1페이지 요청 실패:
[오류] 1페이지 요청 실패:
[오류] 1페이지 요청 실패:
[41113] 경기도 수원시 권선구 실거래 0건
[오류] 1페이지 요청 실패:
[오류] 1페이지 요청 실패:
[오류] 1페이지 요청 실패:
[41115] 경기도 수원시 팔달구 실거래 0건
[오류] 1페이지 요청 실패:
[오류] 1페이지 요청 실패:
[오류] 1페이지 요청 실패:
[41117] 경기도 수원시 영통구 실거래 0건
[오류] 1페이지 요청 실패:
[오류] 1페이지 요청 실패:
[오류] 1페이지 요청 실패:
[41131] 경기도 성남시 수정구 실거래 0건
[오류] 1페이지 요청 실패:
[오류] 1페이지 요청 실패:
[오류] 1페이지 요청 실패:
[41133] 경기도 성남시 중원구 실거래 0건
[오류] 1페이지 요청 실패:
[오류] 1페이지 요청 실패:
[오류] 1페이지 요청 실패:
[41135] 경기도 성남시 분당구 실거래 0건
[오류] 1페이지 요청 실패:
[오류] 1페이지 요청 실패:
[오류] 1페이지 요청 실패:
[41150] 경기도 의정부시 실거래 0건
[오류] 1페이지 요청 실패:
[오류] 1페이지 요청 실패:
[오류] 1페이지 요청 실패:
[41171] 경기도 안양시 만안구 실거래 0건
[오류] 1페이지 요청 실패:
[오류] 1페이지 요청 실패:
[오류] 1페이지 요청 실패:
[41173] 경기도 안양시 동안구 실거래 0건
[오류] 1페이지 요청 실패:
[오류] 1페이지 요청 실패:
[오류] 1페이지 요청 실패:
[41192] 경기도 부천시 원미구 실거래 0건
[오류] 1페이지 요청 실패:
[오류] 1페이지 요청 실패:
[오류] 1페이지 요청 실패:
[41194] 경기도 부천시 소사구 실거래 0건
[오류] 1페이지 요청 실패:
[오류] 1페이지 요청 실패:
[오류] 1페이지 요청 실패:
[41196] 경기도 부천시 오정구 실거래 0건
[오류] 1페이지 요청 실패:
[오류] 1페이지 요청 실패:
[오류] 1페이지 요청 실패:
[41210] 경기도 광명시 실거래 0건
[오류] 1페이지 요청 실패:
[오류] 1페이지 요청 실패:
[오류] 1페이지 요청 실패:
[41220] 경기도 평택시 실거래 0건
[오류] 1페이지 요청 실패:
[오류] 1페이지 요청 실패:
[오류] 1페이지 요청 실패:
[41250] 경기도 동두천시 실거래 0건
[오류] 1페이지 요청 실패:
[오류] 1페이지 요청 실패:
[오류] 1페이지 요청 실패:
[41271] 경기도 안산시 상록구 실거래 0건
[오류] 1페이지 요청 실패:
[오류] 1페이지 요청 실패:
[오류] 1페이지 요청 실패:
[41273] 경기도 안산시 단원구 실거래 0건
[오류] 1페이지 요청 실패:
[오류] 1페이지 요청 실패:
[오류] 1페이지 요청 실패:
[41281] 경기도 고양시 덕양구 실거래 0건
[오류] 1페이지 요청 실패:
[오류] 1페이지 요청 실패:
[오류] 1페이지 요청 실패:
[41285] 경기도 고양시 일산동구 실거래 0건
[오류] 1페이지 요청 실패:
[오류] 1페이지 요청 실패:
[오류] 1페이지 요청 실패:
[41287] 경기도 고양시 일산서구 실거래 0건
[오류] 1페이지 요청 실패:
[오류] 1페이지 요청 실패:
[오류] 1페이지 요청 실패:
[41290] 경기도 과천시 실거래 0건
[오류] 1페이지 요청 실패:
[오류] 1페이지 요청 실패:
[오류] 1페이지 요청 실패:
[41310] 경기도 구리시 실거래 0건
[오류] 1페이지 요청 실패:
[오류] 1페이지 요청 실패:
[오류] 1페이지 요청 실패:
[41360] 경기도 남양주시 실거래 0건
[오류] 1페이지 요청 실패:
[오류] 1페이지 요청 실패:
[오류] 1페이지 요청 실패:
[41370] 경기도 오산시 실거래 0건
[오류] 1페이지 요청 실패:
[오류] 1페이지 요청 실패:
[오류] 1페이지 요청 실패:
[41390] 경기도 시흥시 실거래 0건
[오류] 1페이지 요청 실패:
[오류] 1페이지 요청 실패:
[오류] 1페이지 요청 실패:
[41410] 경기도 군포시 실거래 0건
[오류] 1페이지 요청 실패:
[오류] 1페이지 요청 실패:
[오류] 1페이지 요청 실패:
[41430] 경기도 의왕시 실거래 0건
[오류] 1페이지 요청 실패:
[오류] 1페이지 요청 실패:
[오류] 1페이지 요청 실패:
[41450] 경기도 하남시 실거래 0건
[오류] 1페이지 요청 실패:
[오류] 1페이지 요청 실패:
[오류] 1페이지 요청 실패:
[41461] 경기도 용인시 처인구 실거래 0건
[오류] 1페이지 요청 실패:
[오류] 1페이지 요청 실패:
[오류] 1페이지 요청 실패:
[41463] 경기도 용인시 기흥구 실거래 0건
[오류] 1페이지 요청 실패:
[오류] 1페이지 요청 실패:
[오류] 1페이지 요청 실패:
[41465] 경기도 용인시 수지구 실거래 0건
[오류] 1페이지 요청 실패:
[오류] 1페이지 요청 실패:
[오류] 1페이지 요청 실패:
[41480] 경기도 파주시 실거래 0건
[오류] 1페이지 요청 실패:
[오류] 1페이지 요청 실패:
[오류] 1페이지 요청 실패:
[41500] 경기도 이천시 실거래 0건
[오류] 1페이지 요청 실패:
[오류] 1페이지 요청 실패:
[오류] 1페이지 요청 실패:
[41550] 경기도 안성시 실거래 0건
[오류] 1페이지 요청 실패:
[오류] 1페이지 요청 실패:
[오류] 1페이지 요청 실패:
[41570] 경기도 김포시 실거래 0건
[오류] 1페이지 요청 실패:
[오류] 1페이지 요청 실패:
[오류] 1페이지 요청 실패:
[41591] 경기도 화성시 만세구 실거래 0건
[오류] 1페이지 요청 실패:
[오류] 1페이지 요청 실패:
[오류] 1페이지 요청 실패:
[41593] 경기도 화성시 효행구 실거래 0건
[오류] 1페이지 요청 실패:
[오류] 1페이지 요청 실패:
[오류] 1페이지 요청 실패:
[41595] 경기도 화성시 병점구 실거래 0건
[오류] 1페이지 요청 실패:
[오류] 1페이지 요청 실패:
[오류] 1페이지 요청 실패:
[41597] 경기도 화성시 동탄구 실거래 0건
[오류] 1페이지 요청 실패:
[오류] 1페이지 요청 실패:
[오류] 1페이지 요청 실패:
[41610] 경기도 광주시 실거래 0건
[오류] 1페이지 요청 실패:
[오류] 1페이지 요청 실패:
[오류] 1페이지 요청 실패:
[41630] 경기도 양주시 실거래 0건
[오류] 1페이지 요청 실패:
[오류] 1페이지 요청 실패:
[오류] 1페이지 요청 실패:
[41650] 경기도 포천시 실거래 0건
[오류] 1페이지 요청 실패:
[오류] 1페이지 요청 실패:
[오류] 1페이지 요청 실패:
[41670] 경기도 여주시 실거래 0건
[오류] 1페이지 요청 실패:
[오류] 1페이지 요청 실패:
[오류] 1페이지 요청 실패:
[41800] 경기도 연천군 실거래 0건
[오류] 1페이지 요청 실패:
[오류] 1페이지 요청 실패:
[오류] 1페이지 요청 실패:
[41820] 경기도 가평군 실거래 0건
[오류] 1페이지 요청 실패:
[오류] 1페이지 요청 실패:
[오류] 1페이지 요청 실패:
[41830] 경기도 양평군 실거래 0건
실거래 완료: API 호출 0회, 캐시 사용 0회
허가 완료: API 호출 3회, 캐시 사용 3559회
허가 구별 공통 안전 조회기간: 61일
저장 완료 (data/trades.json): 2026-08-23 00:20:57, 0건
저장 완료 (data/permits.json): 2026-08-23 00:20:57, 9448건
캐시 파일 저장 완료: data/address_cache.json (12621개)
캐시 파일 저장 완료: data/permit_window_cache.json (25개)

--- 원인 분석 ---
"[오류] N페이지 요청 실패: " 뒤에 메시지가 비어있는 것은 asyncio.TimeoutError()의 str()이
원래 빈 문자열이기 때문. 즉 국토부 실거래가 API(apis.data.go.kr) 요청이 82개 구 전부
REQUEST_TIMEOUT_SECONDS(15초) 안에 응답받지 못하고 타임아웃된 것.
같은 실행에서 서울시 토지거래허가 API(다른 호스트)는 100% 정상 응답했으므로
DATAGOKR_API_KEY 자체 문제는 아니고 apis.data.go.kr 쪽 응답 지연/장애로 판단.

기존 코드는 HTTP 429는 백오프 재시도하지만 ClientError/TimeoutError는 재시도 없이
즉시 포기하는 구조였음(main.py fetch_page). 그래서 일시적 지연 한 번이 전체 실거래
크롤링을 0건으로 만듦. 429와 동일한 백오프 재시도를 타임아웃/연결오류에도 적용하고,
로그에 예외 타입이 드러나도록 {e} -> {e!r}로 변경(커밋 참고).
